2026-09-09 12:16:20.251 NativeEditorPoC[29350:97673909] ApplePersistenceIgnoreState: Existing state will not be touched. New state will be written to /var/folders/2z/p_ylg3xj2yx_yb0v7cydw7g40000gn/T/com.diwamoto.clair.native-poc.savedState
PASS stale highlight revision rejected
PASS current highlight revision accepted
PASS multicursor inserts two copies
FAIL upstream multicursor single undo
PASS multicursor redo
PASS adapter multicursor single undo
ANCHOR after insert {4, 2} orphan=false delta=1
PASS comment shifts after line insertion
PASS comment shifts back after undo
PASS deleted comment becomes orphan
PASS partial AI apply
PASS remaining old proposal rejected
PASS AI apply undo
PASS stale proposal rejected after edit
PASS AI apply all
PASS AI all one undo
PASS synthetic marked text
PASS synthetic composition commit
PASS family emoji input range stays grapheme aligned
PASS IME candidate range expands to family grapheme
PASS combining mark input range stays grapheme aligned
PASS backspace removes family emoji as one grapheme
PASS family emoji deletion undo restores text
PASS backspace removes combining sequence as one grapheme
PASS combining sequence deletion undo restores text
FAIL composition updates do not enter undo history
PASS composition commit clears marked text
PASS composition commit is one undo unit
PASS composition commit redo restores text
PASS UTF8 save roundtrip
PASS diff insertion alignment
PASS diff deletion alignment
PASS diff model preserves CRLF and trailing newline
PASS diff model assigns hunk and stable row IDs
PASS diff view virtualizes visible cells and returns row/hunk selection
PASS diff view mode and width changes retain rows
PASS tab preserves document selection scroll undo
PASS Swift multiple highlight colors
PARSER normal.swift query=/Users/daiki/Projects/clair/prototypes/native-editor-poc/.build/Clair Native PoC.app/CodeEditLanguages_CodeEditLanguages.bundle/Resources/Resources/tree-sitter-swift/highlights.scm exists=true root=Optional(<source_file range: {0, 81} childCount: 4>)
PASS query asset normal.swift
PASS highlight colors normal.swift
PASS highlight probe normal.swift multi
PASS highlight probe normal.swift line
PASS highlight probe normal.swift 日本語 🙂
PASS highlight probe normal.swift 42
PASS highlight refresh after edit normal.swift
PARSER sample.rs query=/Users/daiki/Projects/clair/prototypes/native-editor-poc/.build/Clair Native PoC.app/CodeEditLanguages_CodeEditLanguages.bundle/Resources/Resources/tree-sitter-rust/highlights.scm exists=true root=Optional(<source_file range: {0, 89} childCount: 2>)
PASS query asset sample.rs
PASS highlight colors sample.rs
PASS highlight probe sample.rs nested
PASS highlight probe sample.rs comment */ comment
PASS highlight probe sample.rs 日本語
PASS highlight refresh after edit sample.rs
PARSER sample.ts query=/Users/daiki/Projects/clair/prototypes/native-editor-poc/.build/Clair Native PoC.app/CodeEditLanguages_CodeEditLanguages.bundle/Resources/Resources/tree-sitter-typescript/highlights.scm exists=true root=Optional(<program range: {0, 61} childCount: 2>)
PASS query asset sample.ts
PASS highlight colors sample.ts
PASS highlight probe sample.ts continued
PASS highlight probe sample.ts 日本語
PASS highlight refresh after edit sample.ts
PARSER sample.tsx query=/Users/daiki/Projects/clair/prototypes/native-editor-poc/.build/Clair Native PoC.app/CodeEditLanguages_CodeEditLanguages.bundle/Resources/Resources/tree-sitter-typescript/highlights.scm exists=true root=Optional(<program range: {0, 75} childCount: 2>)
PASS query asset sample.tsx
PASS highlight colors sample.tsx
PASS highlight probe sample.tsx 日本語
PASS highlight probe sample.tsx 🙂
PASS highlight refresh after edit sample.tsx
PARSER sample.json query=/Users/daiki/Projects/clair/prototypes/native-editor-poc/.build/Clair Native PoC.app/CodeEditLanguages_CodeEditLanguages.bundle/Resources/Resources/tree-sitter-json/highlights.scm exists=true root=Optional(<document range: {0, 64} childCount: 1>)
PASS query asset sample.json
PASS highlight colors sample.json
PASS highlight probe sample.json 🙂
PASS highlight probe sample.json 42
PASS highlight refresh after edit sample.json
PARSER sample.md query=/Users/daiki/Projects/clair/prototypes/native-editor-poc/.build/Clair Native PoC.app/CodeEditLanguages_CodeEditLanguages.bundle/Resources/Resources/tree-sitter-markdown/highlights.scm exists=true root=Optional(<document range: {0, 59} childCount: 1>)
PASS query asset sample.md
PASS highlight colors sample.md
PASS highlight probe sample.md let
PASS highlight probe sample.md hi
PASS highlight refresh after edit sample.md
PASS clean tab releases display cache
PASS close drain verifies parser idle
PASS reopen starts active display lifecycle
PASS reopen preserves text and selection
PASS dirty tab retains undo-capable display
PASS retained tab undo restores body
PASS async native close drains parser
PASS policy sync boundary
PASS policy async boundary
PASS policy byte fallback boundary
PASS policy line boundary
PASS policy long-line fallback boundary
PASS policy reports UTF8 and UTF16 independently
PASS policy unicode byte fallback wins at equal UTF16 limit
PASS fallback does not create native controller
